============================================================
 PiF DLM batch runner
 host    : cn002
 gpu     : 0
 models  : llada diffucoder dream
 time    : Sun Jun 14 15:47:49 +04 2026
============================================================

>> Removing previous results/checkpoints for: llada diffucoder dream
   rm -rf /scratch/si2356/dlm-jailbreak-transfer/results/pif/llada
   rm -rf /scratch/si2356/dlm-jailbreak-transfer/results/pif/diffucoder
   rm -rf /scratch/si2356/dlm-jailbreak-transfer/results/pif/dream
>> Clean complete.

============================================================
>> RUNNING: TARGET=llada
   log -> /scratch/si2356/dlm-jailbreak-transfer/PiF/run_logs/pif_llada_20260614_154749.log
   start: Sun Jun 14 15:47:49 +04 2026
============================================================
Error importing huggingface_hub.hf_api: No module named 'yaml'
Traceback (most recent call last):
  File "/scratch/si2356/dlm-jailbreak-transfer/PiF/run_pif.py", line 17, in <module>
    from transformers import AutoModelForMaskedLM, AutoTokenizer, AutoModelForCausalLM
  File "/home/si2356/.local/lib/python3.9/site-packages/transformers/__init__.py", line 27, in <module>
    from . import dependency_versions_check
  File "/home/si2356/.local/lib/python3.9/site-packages/transformers/dependency_versions_check.py", line 16, in <module>
    from .utils.versions import require_version, require_version_core
  File "/home/si2356/.local/lib/python3.9/site-packages/transformers/utils/__init__.py", line 19, in <module>
    from huggingface_hub import get_full_repo_name  # for backward compatibility
  File "/home/si2356/.local/lib/python3.9/site-packages/huggingface_hub/__init__.py", line 1044, in __getattr__
    submod = importlib.import_module(submod_path)
  File "/share/apps/NYUAD5/miniconda/3-4.11.0/lib/python3.9/importlib/__init__.py", line 127, in import_module
    return _bootstrap._gcd_import(name[level:], package, level)
  File "/home/si2356/.local/lib/python3.9/site-packages/huggingface_hub/hf_api.py", line 56, in <module>
    from ._commit_api import (
  File "/home/si2356/.local/lib/python3.9/site-packages/huggingface_hub/_commit_api.py", line 20, in <module>
    from .file_download import hf_hub_url
  File "/home/si2356/.local/lib/python3.9/site-packages/huggingface_hub/file_download.py", line 22, in <module>
    from ._local_folder import get_local_download_paths, read_download_metadata, write_download_metadata
  File "/home/si2356/.local/lib/python3.9/site-packages/huggingface_hub/_local_folder.py", line 61, in <module>
    from .utils import WeakFileLock
  File "/home/si2356/.local/lib/python3.9/site-packages/huggingface_hub/utils/__init__.py", line 50, in <module>
    from ._fixes import SoftTemporaryDirectory, WeakFileLock, yaml_dump
  File "/home/si2356/.local/lib/python3.9/site-packages/huggingface_hub/utils/_fixes.py", line 21, in <module>
    import yaml
ModuleNotFoundError: No module named 'yaml'
>> llada FAILED (exit 1) at Sun Jun 14 15:47:51 +04 2026 — continuing to next model

============================================================
>> RUNNING: TARGET=diffucoder
   log -> /scratch/si2356/dlm-jailbreak-transfer/PiF/run_logs/pif_diffucoder_20260614_154749.log
   start: Sun Jun 14 15:47:51 +04 2026
============================================================
Error importing huggingface_hub.hf_api: No module named 'yaml'
Traceback (most recent call last):
  File "/scratch/si2356/dlm-jailbreak-transfer/PiF/run_pif.py", line 17, in <module>
    from transformers import AutoModelForMaskedLM, AutoTokenizer, AutoModelForCausalLM
  File "/home/si2356/.local/lib/python3.9/site-packages/transformers/__init__.py", line 27, in <module>
    from . import dependency_versions_check
  File "/home/si2356/.local/lib/python3.9/site-packages/transformers/dependency_versions_check.py", line 16, in <module>
    from .utils.versions import require_version, require_version_core
  File "/home/si2356/.local/lib/python3.9/site-packages/transformers/utils/__init__.py", line 19, in <module>
    from huggingface_hub import get_full_repo_name  # for backward compatibility
  File "/home/si2356/.local/lib/python3.9/site-packages/huggingface_hub/__init__.py", line 1044, in __getattr__
    submod = importlib.import_module(submod_path)
  File "/share/apps/NYUAD5/miniconda/3-4.11.0/lib/python3.9/importlib/__init__.py", line 127, in import_module
    return _bootstrap._gcd_import(name[level:], package, level)
  File "/home/si2356/.local/lib/python3.9/site-packages/huggingface_hub/hf_api.py", line 56, in <module>
    from ._commit_api import (
  File "/home/si2356/.local/lib/python3.9/site-packages/huggingface_hub/_commit_api.py", line 20, in <module>
    from .file_download import hf_hub_url
  File "/home/si2356/.local/lib/python3.9/site-packages/huggingface_hub/file_download.py", line 22, in <module>
    from ._local_folder import get_local_download_paths, read_download_metadata, write_download_metadata
  File "/home/si2356/.local/lib/python3.9/site-packages/huggingface_hub/_local_folder.py", line 61, in <module>
    from .utils import WeakFileLock
  File "/home/si2356/.local/lib/python3.9/site-packages/huggingface_hub/utils/__init__.py", line 50, in <module>
    from ._fixes import SoftTemporaryDirectory, WeakFileLock, yaml_dump
  File "/home/si2356/.local/lib/python3.9/site-packages/huggingface_hub/utils/_fixes.py", line 21, in <module>
    import yaml
ModuleNotFoundError: No module named 'yaml'
>> diffucoder FAILED (exit 1) at Sun Jun 14 15:47:52 +04 2026 — continuing to next model

============================================================
>> RUNNING: TARGET=dream
   log -> /scratch/si2356/dlm-jailbreak-transfer/PiF/run_logs/pif_dream_20260614_154749.log
   start: Sun Jun 14 15:47:52 +04 2026
============================================================
Error importing huggingface_hub.hf_api: No module named 'yaml'
Traceback (most recent call last):
  File "/scratch/si2356/dlm-jailbreak-transfer/PiF/run_pif.py", line 17, in <module>
    from transformers import AutoModelForMaskedLM, AutoTokenizer, AutoModelForCausalLM
  File "/home/si2356/.local/lib/python3.9/site-packages/transformers/__init__.py", line 27, in <module>
    from . import dependency_versions_check
  File "/home/si2356/.local/lib/python3.9/site-packages/transformers/dependency_versions_check.py", line 16, in <module>
    from .utils.versions import require_version, require_version_core
  File "/home/si2356/.local/lib/python3.9/site-packages/transformers/utils/__init__.py", line 19, in <module>
    from huggingface_hub import get_full_repo_name  # for backward compatibility
  File "/home/si2356/.local/lib/python3.9/site-packages/huggingface_hub/__init__.py", line 1044, in __getattr__
    submod = importlib.import_module(submod_path)
  File "/share/apps/NYUAD5/miniconda/3-4.11.0/lib/python3.9/importlib/__init__.py", line 127, in import_module
    return _bootstrap._gcd_import(name[level:], package, level)
  File "/home/si2356/.local/lib/python3.9/site-packages/huggingface_hub/hf_api.py", line 56, in <module>
    from ._commit_api import (
  File "/home/si2356/.local/lib/python3.9/site-packages/huggingface_hub/_commit_api.py", line 20, in <module>
    from .file_download import hf_hub_url
  File "/home/si2356/.local/lib/python3.9/site-packages/huggingface_hub/file_download.py", line 22, in <module>
    from ._local_folder import get_local_download_paths, read_download_metadata, write_download_metadata
  File "/home/si2356/.local/lib/python3.9/site-packages/huggingface_hub/_local_folder.py", line 61, in <module>
    from .utils import WeakFileLock
  File "/home/si2356/.local/lib/python3.9/site-packages/huggingface_hub/utils/__init__.py", line 50, in <module>
    from ._fixes import SoftTemporaryDirectory, WeakFileLock, yaml_dump
  File "/home/si2356/.local/lib/python3.9/site-packages/huggingface_hub/utils/_fixes.py", line 21, in <module>
    import yaml
ModuleNotFoundError: No module named 'yaml'
>> dream FAILED (exit 1) at Sun Jun 14 15:47:53 +04 2026 — continuing to next model

============================================================
 RUN SUMMARY
============================================================
   llada: FAILED (exit 1)
   diffucoder: FAILED (exit 1)
   dream: FAILED (exit 1)
 finished: Sun Jun 14 15:47:53 +04 2026
============================================================
