loaded 5400 rows
  judged 20/3600
  judged 40/3600
  judged 60/3600
  judged 80/3600
  judged 100/3600
  judged 120/3600
  judged 140/3600
  judged 160/3600
  judged 180/3600
  judged 200/3600
  judged 220/3600
  judged 240/3600
  judged 260/3600
  judged 280/3600
  judged 300/3600
  judged 320/3600
  judged 340/3600
  judged 360/3600
  judged 380/3600
  judged 400/3600
  judged 420/3600
  judged 440/3600
  judged 460/3600
  judged 480/3600
  judged 500/3600
  judged 520/3600
  judged 540/3600
  judged 560/3600
  judged 580/3600
  judged 600/3600
  judged 620/3600
  judged 640/3600
  judged 660/3600
  judged 680/3600
  judged 700/3600
  judged 720/3600
  judged 740/3600
  judged 760/3600
  judged 780/3600
  judged 800/3600
  judged 820/3600
  judged 840/3600
  judged 860/3600
  judged 880/3600
  judged 900/3600
  judged 920/3600
  judged 940/3600
  judged 960/3600
  judged 980/3600
  judged 1000/3600
  judged 1020/3600
  judged 1040/3600
  judged 1060/3600
  judged 1080/3600
  judged 1100/3600
  judged 1120/3600
  judged 1140/3600
  judged 1160/3600
  judged 1180/3600
  judged 1200/3600
  judged 1220/3600
  judged 1240/3600
  judged 1260/3600
  judged 1280/3600
  judged 1300/3600
  judged 1320/3600
  judged 1340/3600
  judged 1360/3600
  judged 1380/3600
  judged 1400/3600
  judged 1420/3600
  judged 1440/3600
  judged 1460/3600
  judged 1480/3600
  judged 1500/3600
  judged 1520/3600
  judged 1540/3600
  judged 1560/3600
  judged 1580/3600
  judged 1600/3600
  judged 1620/3600
  judged 1640/3600
  judged 1660/3600
  judged 1680/3600
  judged 1700/3600
  judged 1720/3600
  judged 1740/3600
  judged 1760/3600
  judged 1780/3600
  judged 1800/3600
  judged 1820/3600
  judged 1840/3600
  judged 1860/3600
  judged 1880/3600
  judged 1900/3600
  judged 1920/3600
  judged 1940/3600
  judged 1960/3600
  judged 1980/3600
  judged 2000/3600
  judged 2020/3600
  judged 2040/3600
  judged 2060/3600
  judged 2080/3600
  judged 2100/3600
  judged 2120/3600
  judged 2140/3600
  judged 2160/3600
  judged 2180/3600
  judged 2200/3600
  judged 2220/3600
  judged 2240/3600
  judged 2260/3600
  judged 2280/3600
  judged 2300/3600
  judged 2320/3600
  judged 2340/3600
  judged 2360/3600
  judged 2380/3600
  judged 2400/3600
  judged 2420/3600
  judged 2440/3600
  judged 2460/3600
  judged 2480/3600
  judged 2500/3600
  judged 2520/3600
  judged 2540/3600
  judged 2560/3600
  judged 2580/3600
  judged 2600/3600
  judged 2620/3600
  judged 2640/3600
  judged 2660/3600
  judged 2680/3600
  judged 2700/3600
  judged 2720/3600
  judged 2740/3600
  judged 2760/3600
  judged 2780/3600
  judged 2800/3600
  judged 2820/3600
  judged 2840/3600
  judged 2860/3600
  judged 2880/3600
  judged 2900/3600
  judged 2920/3600
  judged 2940/3600
  judged 2960/3600
  judged 2980/3600
  judged 3000/3600
  judged 3020/3600
  judged 3040/3600
  judged 3060/3600
  judged 3080/3600
  judged 3100/3600
  judged 3120/3600
  judged 3140/3600
  judged 3160/3600
  judged 3180/3600
  judged 3200/3600
  judged 3220/3600
  judged 3240/3600
  judged 3260/3600
  judged 3280/3600
  judged 3300/3600
  judged 3320/3600
  judged 3340/3600
  judged 3360/3600
  judged 3380/3600
  judged 3400/3600
  judged 3420/3600
  judged 3440/3600
  judged 3460/3600
  judged 3480/3600
  judged 3500/3600
  judged 3520/3600
  judged 3540/3600
  judged 3560/3600
  judged 3580/3600
  judged 3600/3600

cell                         s1%   s2%   s3%  mean% range
diffucoder/arrattack        26.3  25.3  25.3   25.7   1.0
diffucoder/pif              17.3  17.0  16.7   17.0   0.7
dream/arrattack              2.7   1.7   1.7    2.0   1.0
dream/pif                    1.0   0.7   1.0    0.9   0.3
llada/arrattack             39.7  38.0  37.7   38.4   2.0
llada/pif                   21.0  20.3  20.0   20.4   1.0

wrote /home/bc3194/Desktop/dlm-jailbreak-transfer/tier0/14_multiseed_diffusion/multiseed_seed_summary.csv
EXIT=0
