2026-04-20 18:01:35,555 - INFO - Target model: llada
2026-04-20 18:01:35,555 - INFO - Loading shared models (similarity, GPTFuzz, generation)...
2026-04-20 18:01:40,326 - INFO - We will use 90% of the memory on device 0 for storing the model, and 10% for the buffer to avoid OOM. You can set `max_memory` in to a higher value to use more memory (at your own risk).
2026-04-20 18:01:47,219 - INFO - Loading target model: llada
Could not locate the modeling_llada.py inside GSAI-ML/LLaDA-1.5.
Traceback (most recent call last):
  File "/scratch/si2356/conda-envs/dlm_attack/lib/python3.10/site-packages/transformers/utils/hub.py", line 403, in cached_file
    resolved_file = hf_hub_download(
  File "/scratch/si2356/conda-envs/dlm_attack/lib/python3.10/site-packages/huggingface_hub/utils/_validators.py", line 114, in _inner_fn
    return fn(*args, **kwargs)
  File "/scratch/si2356/conda-envs/dlm_attack/lib/python3.10/site-packages/huggingface_hub/file_download.py", line 1014, in hf_hub_download
    return _hf_hub_download_to_cache_dir(
  File "/scratch/si2356/conda-envs/dlm_attack/lib/python3.10/site-packages/huggingface_hub/file_download.py", line 1121, in _hf_hub_download_to_cache_dir
    _raise_on_head_call_error(head_call_error, force_download, local_files_only)
  File "/scratch/si2356/conda-envs/dlm_attack/lib/python3.10/site-packages/huggingface_hub/file_download.py", line 1653, in _raise_on_head_call_error
    raise LocalEntryNotFoundError(
huggingface_hub.errors.LocalEntryNotFoundError: Cannot find the requested files in the disk cache and outgoing traffic has been disabled. To enable hf.co look-ups and downloads online, set 'local_files_only' to False.

The above exception was the direct cause of the following exception:

Traceback (most recent call last):
  File "/scratch/si2356/dlm-jailbreak-transfer/ArrAttack/stage5_attack.py", line 117, in <module>
    model_target, tokenizer_target = load_model(TARGET_KEY, offline=True)
  File "/scratch/si2356/dlm-jailbreak-transfer/ArrAttack/utils/model_utils.py", line 55, in load_model
    model = AutoModel.from_pretrained(hf_id, **kwargs)
  File "/scratch/si2356/conda-envs/dlm_attack/lib/python3.10/site-packages/transformers/models/auto/auto_factory.py", line 553, in from_pretrained
    model_class = get_class_from_dynamic_module(
  File "/scratch/si2356/conda-envs/dlm_attack/lib/python3.10/site-packages/transformers/dynamic_module_utils.py", line 540, in get_class_from_dynamic_module
    final_module = get_cached_module_file(
  File "/scratch/si2356/conda-envs/dlm_attack/lib/python3.10/site-packages/transformers/dynamic_module_utils.py", line 344, in get_cached_module_file
    resolved_module_file = cached_file(
  File "/scratch/si2356/conda-envs/dlm_attack/lib/python3.10/site-packages/transformers/utils/hub.py", line 446, in cached_file
    raise EnvironmentError(
OSError: We couldn't connect to 'https://huggingface.co' to load this file, couldn't find it in the cached files and it looks like GSAI-ML/LLaDA-1.5 is not the path to a directory containing a file named modeling_llada.py.
Checkout your internet connection or see how to run the library in offline mode at 'https://huggingface.co/docs/transformers/installation#offline-mode'.
