==========================================================
ArrAttack Stage 5 — DLM sweep
Job ID  : 15618530
Node    : cn268
Started : 2026-05-14 10:53:58
==========================================================
0, NVIDIA A100-SXM4-80GB, 81920 MiB
1, NVIDIA A100-SXM4-80GB, 81920 MiB
==========================================================

##########################################################
##  TARGET = llada
##  Started: 2026-05-14 10:53:58
##########################################################
##  llada FAILED (exit 1) at 2026-05-14 10:53:58
##  Continuing to next DLM...

##########################################################
##  TARGET = dream
##  Started: 2026-05-14 10:54:05
##########################################################
##  dream FAILED (exit 1) at 2026-05-14 10:54:05
##  Continuing to next DLM...

##########################################################
##  TARGET = diffucoder
##  Started: 2026-05-14 10:54:11
##########################################################
##  diffucoder FAILED (exit 1) at 2026-05-14 10:54:11
##  Continuing to next DLM...

==========================================================
All DLM runs finished at 2026-05-14 10:54:16
Results dirs:
==========================================================
