2026-05-18 23:17:46,523 - INFO - Target model: dream
2026-05-18 23:17:46,524 - INFO - Loading shared models (similarity, GPTFuzz, generation)...
`torch_dtype` is deprecated! Use `dtype` instead!
/scratch/si2356/conda-envs/dlm_attack/lib/python3.10/site-packages/accelerate/utils/modeling.py:1598: UserWarning: The following device_map keys do not match any submodules in the model: ['decoder.embed_tokens']
  warnings.warn(
2026-05-18 23:17:52,187 - INFO - Loading target model: dream
Traceback (most recent call last):
  File "/scratch/si2356/conda-envs/dlm_attack/lib/python3.10/site-packages/transformers/utils/hub.py", line 478, in cached_files
    hf_hub_download(
  File "/scratch/si2356/conda-envs/dlm_attack/lib/python3.10/site-packages/huggingface_hub/utils/_validators.py", line 114, in _inner_fn
    return fn(*args, **kwargs)
  File "/scratch/si2356/conda-envs/dlm_attack/lib/python3.10/site-packages/huggingface_hub/file_download.py", line 1014, in hf_hub_download
    return _hf_hub_download_to_cache_dir(
  File "/scratch/si2356/conda-envs/dlm_attack/lib/python3.10/site-packages/huggingface_hub/file_download.py", line 1121, in _hf_hub_download_to_cache_dir
    _raise_on_head_call_error(head_call_error, force_download, local_files_only)
  File "/scratch/si2356/conda-envs/dlm_attack/lib/python3.10/site-packages/huggingface_hub/file_download.py", line 1653, in _raise_on_head_call_error
    raise LocalEntryNotFoundError(
huggingface_hub.errors.LocalEntryNotFoundError: Cannot find the requested files in the disk cache and outgoing traffic has been disabled. To enable hf.co look-ups and downloads online, set 'local_files_only' to False.

The above exception was the direct cause of the following exception:

Traceback (most recent call last):
  File "/scratch/si2356/dlm-jailbreak-transfer/ArrAttack/stage5_attack.py", line 240, in <module>
    model_target, tokenizer_target = load_model(TARGET_KEY, offline=True)
  File "/scratch/si2356/dlm-jailbreak-transfer/ArrAttack/utils/model_utils.py", line 58, in load_model
    model = AutoModel.from_pretrained(hf_id, **kwargs)
  File "/scratch/si2356/conda-envs/dlm_attack/lib/python3.10/site-packages/transformers/models/auto/auto_factory.py", line 549, in from_pretrained
    config, kwargs = AutoConfig.from_pretrained(
  File "/scratch/si2356/conda-envs/dlm_attack/lib/python3.10/site-packages/transformers/models/auto/configuration_auto.py", line 1288, in from_pretrained
    config_dict, unused_kwargs = PretrainedConfig.get_config_dict(pretrained_model_name_or_path, **kwargs)
  File "/scratch/si2356/conda-envs/dlm_attack/lib/python3.10/site-packages/transformers/configuration_utils.py", line 662, in get_config_dict
    config_dict, kwargs = cls._get_config_dict(pretrained_model_name_or_path, **kwargs)
  File "/scratch/si2356/conda-envs/dlm_attack/lib/python3.10/site-packages/transformers/configuration_utils.py", line 721, in _get_config_dict
    resolved_config_file = cached_file(
  File "/scratch/si2356/conda-envs/dlm_attack/lib/python3.10/site-packages/transformers/utils/hub.py", line 321, in cached_file
    file = cached_files(path_or_repo_id=path_or_repo_id, filenames=[filename], **kwargs)
  File "/scratch/si2356/conda-envs/dlm_attack/lib/python3.10/site-packages/transformers/utils/hub.py", line 552, in cached_files
    raise OSError(
OSError: We couldn't connect to 'https://huggingface.co' to load the files, and couldn't find them in the cached files.
Check your internet connection or see how to run the library in offline mode at 'https://huggingface.co/docs/transformers/installation#offline-mode'.
