2026-07-08 23:43:32,977 - INFO - Target model: llada
2026-07-08 23:43:32,977 - INFO - Loading shared models (similarity, GPTFuzz, generation)...
Traceback (most recent call last):
  File "/scratch/si2356/conda-envs/dlm_attack/lib/python3.10/site-packages/transformers/utils/hub.py", line 478, in cached_files
    hf_hub_download(
  File "/scratch/si2356/conda-envs/dlm_attack/lib/python3.10/site-packages/huggingface_hub/utils/_validators.py", line 106, in _inner_fn
    validate_repo_id(arg_value)
  File "/scratch/si2356/conda-envs/dlm_attack/lib/python3.10/site-packages/huggingface_hub/utils/_validators.py", line 154, in validate_repo_id
    raise HFValidationError(
huggingface_hub.errors.HFValidationError: Repo id must be in the form 'repo_name' or 'namespace/repo_name': '/scratch/si2356/dlm-jailbreak-transfer/generation_model'. Use `repo_type` argument if needed.

During handling of the above exception, another exception occurred:

Traceback (most recent call last):
  File "/scratch/si2356/dlm-jailbreak-transfer/ArrAttack/stage5_attack.py", line 232, in <module>
    tokenizer_gen = AutoTokenizer.from_pretrained(GEN_MODEL_DIR)
  File "/scratch/si2356/conda-envs/dlm_attack/lib/python3.10/site-packages/transformers/models/auto/tokenization_auto.py", line 1058, in from_pretrained
    tokenizer_config = get_tokenizer_config(pretrained_model_name_or_path, **kwargs)
  File "/scratch/si2356/conda-envs/dlm_attack/lib/python3.10/site-packages/transformers/models/auto/tokenization_auto.py", line 890, in get_tokenizer_config
    resolved_config_file = cached_file(
  File "/scratch/si2356/conda-envs/dlm_attack/lib/python3.10/site-packages/transformers/utils/hub.py", line 321, in cached_file
    file = cached_files(path_or_repo_id=path_or_repo_id, filenames=[filename], **kwargs)
  File "/scratch/si2356/conda-envs/dlm_attack/lib/python3.10/site-packages/transformers/utils/hub.py", line 530, in cached_files
    resolved_files = [
  File "/scratch/si2356/conda-envs/dlm_attack/lib/python3.10/site-packages/transformers/utils/hub.py", line 531, in <listcomp>
    _get_cache_file_to_return(path_or_repo_id, filename, cache_dir, revision, repo_type)
  File "/scratch/si2356/conda-envs/dlm_attack/lib/python3.10/site-packages/transformers/utils/hub.py", line 144, in _get_cache_file_to_return
    resolved_file = try_to_load_from_cache(
  File "/scratch/si2356/conda-envs/dlm_attack/lib/python3.10/site-packages/huggingface_hub/utils/_validators.py", line 106, in _inner_fn
    validate_repo_id(arg_value)
  File "/scratch/si2356/conda-envs/dlm_attack/lib/python3.10/site-packages/huggingface_hub/utils/_validators.py", line 154, in validate_repo_id
    raise HFValidationError(
huggingface_hub.errors.HFValidationError: Repo id must be in the form 'repo_name' or 'namespace/repo_name': '/scratch/si2356/dlm-jailbreak-transfer/generation_model'. Use `repo_type` argument if needed.
